// Jest Snapshot v1, https://goo.gl/fbAQLP

exports[`renders correctly 1`] = `
<View
  style={
    Object {
      "backgroundColor": "#FFFFFF",
      "flex": 1,
      "padding": 10,
    }
  }
>
  <View
    style={
      Object {
        "elevation": 1,
        "marginLeft": 5,
        "marginRight": 5,
        "marginTop": 10,
      }
    }
  >
    <View
      style={
        Object {
          "flexDirection": "row",
          "height": 50,
        }
      }
    />
    <View
      style={
        Array [
          Object {
            "backgroundColor": "#fff",
            "flexDirection": "row",
            "justifyContent": "flex-start",
            "padding": 5,
            "position": "relative",
          },
          undefined,
        ]
      }
    >
      <Image
        source={1}
        style={
          Object {
            "height": 120,
            "resizeMode": "contain",
            "width": 120,
          }
        }
      />
    </View>
    <View
      style={
        Array [
          Object {
            "backgroundColor": "#fff",
            "flexDirection": "row",
            "justifyContent": "flex-start",
            "padding": 5,
            "position": "relative",
          },
          undefined,
        ]
      }
    >
      <Text
        accessible={true}
        allowFontScaling={true}
        ellipsizeMode="tail"
        style={
          Object {
            "color": "#212121",
            "fontFamily": "HelveticaNeue-Bold",
            "fontSize": 44,
            "letterSpacing": 0,
            "lineHeight": 43,
          }
        }
      >
        Welcome to thumb
      </Text>
    </View>
    <View
      style={
        Object {
          "flexDirection": "row",
          "height": 30,
        }
      }
    />
    <View
      style={
        Array [
          Object {
            "backgroundColor": "#fff",
            "flexDirection": "row",
            "justifyContent": "flex-start",
            "padding": 5,
            "position": "relative",
          },
          undefined,
        ]
      }
    >
      <View
        accessibilityComponentType={undefined}
        accessibilityLabel={undefined}
        accessibilityTraits={undefined}
        accessible={true}
        collapsable={undefined}
        hasTVPreferredFocus={undefined}
        hitSlop={undefined}
        isTVSelectable={true}
        nativeID={undefined}
        onLayout={undefined}
        onResponderGrant={[Function]}
        onResponderMove={[Function]}
        onResponderRelease={[Function]}
        onResponderTerminate={[Function]}
        onResponderTerminationRequest={[Function]}
        onStartShouldSetResponder={[Function]}
        style={
          Object {
            "alignSelf": "center",
            "backgroundColor": "#fff",
            "maxWidth": 150,
            "opacity": 1,
          }
        }
        testID={undefined}
        tvParallaxProperties={undefined}
      >
        <View
          style={
            Object {
              "backgroundColor": "#98FB98",
              "bottom": 0,
              "height": 8,
              "left": 0,
              "position": "absolute",
              "right": 0,
              "top": 18,
            }
          }
        />
        <Text
          accessible={true}
          allowFontScaling={true}
          ellipsizeMode="tail"
          style={
            Object {
              "alignSelf": "center",
              "color": "#424242",
              "fontFamily": "Helvetica Neue",
              "fontSize": 16,
              "fontWeight": "600",
              "paddingBottom": 10,
              "paddingLeft": 15,
              "paddingRight": 15,
              "paddingTop": 10,
            }
          }
        >
          log in
        </Text>
      </View>
      <View
        style={
          Object {
            "flexDirection": "column",
            "width": 30,
          }
        }
      />
      <View
        accessibilityComponentType={undefined}
        accessibilityLabel={undefined}
        accessibilityTraits={undefined}
        accessible={true}
        collapsable={undefined}
        hasTVPreferredFocus={undefined}
        hitSlop={undefined}
        isTVSelectable={true}
        nativeID={undefined}
        onLayout={undefined}
        onResponderGrant={[Function]}
        onResponderMove={[Function]}
        onResponderRelease={[Function]}
        onResponderTerminate={[Function]}
        onResponderTerminationRequest={[Function]}
        onStartShouldSetResponder={[Function]}
        style={
          Object {
            "alignSelf": "center",
            "backgroundColor": "#fff",
            "maxWidth": 150,
            "opacity": 1,
          }
        }
        testID={undefined}
        tvParallaxProperties={undefined}
      >
        <View
          style={
            Object {
              "backgroundColor": "#98FB98",
              "bottom": 0,
              "height": 8,
              "left": 0,
              "position": "absolute",
              "right": 0,
              "top": 18,
            }
          }
        />
        <Text
          accessible={true}
          allowFontScaling={true}
          ellipsizeMode="tail"
          style={
            Object {
              "alignSelf": "center",
              "color": "#424242",
              "fontFamily": "Helvetica Neue",
              "fontSize": 16,
              "fontWeight": "600",
              "paddingBottom": 10,
              "paddingLeft": 15,
              "paddingRight": 15,
              "paddingTop": 10,
            }
          }
        >
          create account
        </Text>
      </View>
    </View>
    <View
      style={
        Array [
          Object {
            "backgroundColor": "#fff",
            "flexDirection": "row",
            "justifyContent": "flex-start",
            "padding": 5,
            "position": "relative",
          },
          undefined,
        ]
      }
    >
      <Text
        accessible={true}
        allowFontScaling={true}
        ellipsizeMode="tail"
        style={
          Object {
            "color": "#424242",
            "fontFamily": "Helvetica Neue",
            "fontSize": 13,
            "letterSpacing": 0,
            "lineHeight": 18,
          }
        }
      >
        By tapping "log in" or "create account", I agree to thumb's 
        <Text
          accessible={true}
          allowFontScaling={true}
          ellipsizeMode="tail"
          onPress={[Function]}
          style={
            Object {
              "color": "#424242",
              "fontFamily": "Helvetica Neue",
              "fontSize": 12,
              "letterSpacing": 1.2,
              "lineHeight": 16,
              "textDecorationColor": "#424242",
              "textDecorationLine": "underline",
            }
          }
        >
          TERMS OF SERVICE
        </Text>
         and 
        <Text
          accessible={true}
          allowFontScaling={true}
          ellipsizeMode="tail"
          onPress={[Function]}
          style={
            Object {
              "color": "#424242",
              "fontFamily": "Helvetica Neue",
              "fontSize": 12,
              "letterSpacing": 1.2,
              "lineHeight": 16,
              "textDecorationColor": "#424242",
              "textDecorationLine": "underline",
            }
          }
        >
          PRIVACY POLICY
        </Text>
        .
      </Text>
    </View>
  </View>
</View>
`;
