// Jest Snapshot v1, https://goo.gl/fbAQLP

exports[`renders correctly 1`] = `
<View>
  <Image
    source={
      Object {
        "testUri": "../../../assets/thumb-horizontal-logo.png",
      }
    }
  />
  <View>
    <Text
      accessible={true}
      allowFontScaling={true}
      ellipsizeMode="tail"
    >
      What do you want to do?
    </Text>
  </View>
  <View
    accessibilityComponentType="button"
    accessibilityTraits={
      Array [
        "button",
      ]
    }
    accessible={true}
    isTVSelectable={true}
    onResponderGrant={[Function]}
    onResponderMove={[Function]}
    onResponderRelease={[Function]}
    onResponderTerminate={[Function]}
    onResponderTerminationRequest={[Function]}
    onStartShouldSetResponder={[Function]}
    style={
      Object {
        "opacity": 1,
      }
    }
  >
    <View
      style={
        Array [
          Object {},
        ]
      }
    >
      <Text
        accessible={true}
        allowFontScaling={true}
        ellipsizeMode="tail"
        style={
          Array [
            Object {
              "color": "#007AFF",
              "fontSize": 18,
              "padding": 8,
              "textAlign": "center",
            },
          ]
        }
      >
        Ride
      </Text>
    </View>
  </View>
  <View
    accessibilityComponentType="button"
    accessibilityTraits={
      Array [
        "button",
      ]
    }
    accessible={true}
    isTVSelectable={true}
    onResponderGrant={[Function]}
    onResponderMove={[Function]}
    onResponderRelease={[Function]}
    onResponderTerminate={[Function]}
    onResponderTerminationRequest={[Function]}
    onStartShouldSetResponder={[Function]}
    style={
      Object {
        "opacity": 1,
      }
    }
  >
    <View
      style={
        Array [
          Object {},
        ]
      }
    >
      <Text
        accessible={true}
        allowFontScaling={true}
        ellipsizeMode="tail"
        style={
          Array [
            Object {
              "color": "#007AFF",
              "fontSize": 18,
              "padding": 8,
              "textAlign": "center",
            },
          ]
        }
      >
        Drive
      </Text>
    </View>
  </View>
</View>
`;
